{
  "version": "1.5.0",
  "plugins_used": [
    {
      "name": "ArtifactoryDetector"
    },
    {
      "name": "AWSKeyDetector"
    },
    {
      "name": "AzureStorageKeyDetector"
    },
    {
      "name": "Base64HighEntropyString",
      "limit": 4.5
    },
    {
      "name": "BasicAuthDetector"
    },
    {
      "name": "CloudantDetector"
    },
    {
      "name": "DiscordBotTokenDetector"
    },
    {
      "name": "GitHubTokenDetector"
    },
    {
      "name": "GitLabTokenDetector"
    },
    {
      "name": "HexHighEntropyString",
      "limit": 3.0
    },
    {
      "name": "IbmCloudIamDetector"
    },
    {
      "name": "IbmCosHmacDetector"
    },
    {
      "name": "IPPublicDetector"
    },
    {
      "name": "JwtTokenDetector"
    },
    {
      "name": "KeywordDetector",
      "keyword_exclude": ""
    },
    {
      "name": "MailchimpDetector"
    },
    {
      "name": "NpmDetector"
    },
    {
      "name": "OpenAIDetector"
    },
    {
      "name": "PrivateKeyDetector"
    },
    {
      "name": "PypiTokenDetector"
    },
    {
      "name": "SendGridDetector"
    },
    {
      "name": "SlackDetector"
    },
    {
      "name": "SoftlayerDetector"
    },
    {
      "name": "SquareOAuthDetector"
    },
    {
      "name": "StripeDetector"
    },
    {
      "name": "TelegramBotTokenDetector"
    },
    {
      "name": "TwilioKeyDetector"
    }
  ],
  "filters_used": [
    {
      "path": "detect_secrets.filters.allowlist.is_line_allowlisted"
    },
    {
      "path": "detect_secrets.filters.common.is_baseline_file",
      "filename": ".secrets.baseline"
    },
    {
      "path": "detect_secrets.filters.common.is_ignored_due_to_verification_policies",
      "min_level": 2
    },
    {
      "path": "detect_secrets.filters.heuristic.is_indirect_reference"
    },
    {
      "path": "detect_secrets.filters.heuristic.is_likely_id_string"
    },
    {
      "path": "detect_secrets.filters.heuristic.is_lock_file"
    },
    {
      "path": "detect_secrets.filters.heuristic.is_not_alphanumeric_string"
    },
    {
      "path": "detect_secrets.filters.heuristic.is_potential_uuid"
    },
    {
      "path": "detect_secrets.filters.heuristic.is_prefixed_with_dollar_sign"
    },
    {
      "path": "detect_secrets.filters.heuristic.is_sequential_string"
    },
    {
      "path": "detect_secrets.filters.heuristic.is_swagger_file"
    },
    {
      "path": "detect_secrets.filters.heuristic.is_templated_secret"
    },
    {
      "path": "detect_secrets.filters.regex.should_exclude_file",
      "pattern": [
        "uv.lock|tests/recordings/|corpus/raw/|.snapshot.json"
      ]
    }
  ],
  "results": {
    "compose.yaml": [
      {
        "type": "Secret Keyword",
        "filename": "compose.yaml",
        "hashed_secret": "fec4620b000bb05e5d205638eac401abdf2d6470",
        "is_verified": false,
        "line_number": 27
      }
    ],
    "corpus/MANIFEST.yaml": [
      {
        "type": "Hex High Entropy String",
        "filename": "corpus/MANIFEST.yaml",
        "hashed_secret": "6aa5dfe60fcd08644800a22630e9866d2598504b",
        "is_verified": false,
        "line_number": 35
      },
      {
        "type": "Hex High Entropy String",
        "filename": "corpus/MANIFEST.yaml",
        "hashed_secret": "7c7a1a2377919a50d567d1b4f64d6fe71dfc2ee6",
        "is_verified": false,
        "line_number": 38
      }
    ],
    "src/citebound/db/conexion.py": [
      {
        "type": "Basic Auth Credentials",
        "filename": "src/citebound/db/conexion.py",
        "hashed_secret": "fec4620b000bb05e5d205638eac401abdf2d6470",
        "is_verified": false,
        "line_number": 13
      }
    ],
    "tests/contract/test_compose.py": [
      {
        "type": "Hex High Entropy String",
        "filename": "tests/contract/test_compose.py",
        "hashed_secret": "852539accdaf5a43697c4ae8773fb7c7c548fd44",
        "is_verified": false,
        "line_number": 40
      }
    ]
  },
  "generated_at": "2026-08-10T14:44:13Z"
}
