{
  "version": "1.5.0",
  "plugins_used": [
    {
      "name": "ArtifactoryDetector"
    },
    {
      "name": "AWSKeyDetector"
    },
    {
      "name": "AzureStorageKeyDetector"
    },
    {
      "name": "Base64HighEntropyString",
      "limit": 4.5
    },
    {
      "name": "BasicAuthDetector"
    },
    {
      "name": "CloudantDetector"
    },
    {
      "name": "DiscordBotTokenDetector"
    },
    {
      "name": "GitHubTokenDetector"
    },
    {
      "name": "GitLabTokenDetector"
    },
    {
      "name": "HexHighEntropyString",
      "limit": 3.0
    },
    {
      "name": "IbmCloudIamDetector"
    },
    {
      "name": "IbmCosHmacDetector"
    },
    {
      "name": "IPPublicDetector"
    },
    {
      "name": "JwtTokenDetector"
    },
    {
      "name": "KeywordDetector",
      "keyword_exclude": ""
    },
    {
      "name": "MailchimpDetector"
    },
    {
      "name": "NpmDetector"
    },
    {
      "name": "OpenAIDetector"
    },
    {
      "name": "PrivateKeyDetector"
    },
    {
      "name": "PypiTokenDetector"
    },
    {
      "name": "SendGridDetector"
    },
    {
      "name": "SlackDetector"
    },
    {
      "name": "SoftlayerDetector"
    },
    {
      "name": "SquareOAuthDetector"
    },
    {
      "name": "StripeDetector"
    },
    {
      "name": "TelegramBotTokenDetector"
    },
    {
      "name": "TwilioKeyDetector"
    }
  ],
  "filters_used": [
    {
      "path": "detect_secrets.filters.allowlist.is_line_allowlisted"
    },
    {
      "path": "detect_secrets.filters.common.is_baseline_file",
      "filename": ".secrets.baseline"
    },
    {
      "path": "detect_secrets.filters.common.is_ignored_due_to_verification_policies",
      "min_level": 2
    },
    {
      "path": "detect_secrets.filters.heuristic.is_indirect_reference"
    },
    {
      "path": "detect_secrets.filters.heuristic.is_likely_id_string"
    },
    {
      "path": "detect_secrets.filters.heuristic.is_lock_file"
    },
    {
      "path": "detect_secrets.filters.heuristic.is_not_alphanumeric_string"
    },
    {
      "path": "detect_secrets.filters.heuristic.is_potential_uuid"
    },
    {
      "path": "detect_secrets.filters.heuristic.is_prefixed_with_dollar_sign"
    },
    {
      "path": "detect_secrets.filters.heuristic.is_sequential_string"
    },
    {
      "path": "detect_secrets.filters.heuristic.is_swagger_file"
    },
    {
      "path": "detect_secrets.filters.heuristic.is_templated_secret"
    },
    {
      "path": "detect_secrets.filters.regex.should_exclude_file",
      "pattern": [
        "uv.lock|tests/recordings/|corpus/raw/|.snapshot.json"
      ]
    }
  ],
  "results": {
    "compose.yaml": [
      {
        "type": "Secret Keyword",
        "filename": "compose.yaml",
        "hashed_secret": "fec4620b000bb05e5d205638eac401abdf2d6470",
        "is_verified": false,
        "line_number": 27
      }
    ],
    "corpus/MANIFEST.yaml": [
      {
        "type": "Hex High Entropy String",
        "filename": "corpus/MANIFEST.yaml",
        "hashed_secret": "6aa5dfe60fcd08644800a22630e9866d2598504b",
        "is_verified": false,
        "line_number": 35
      },
      {
        "type": "Hex High Entropy String",
        "filename": "corpus/MANIFEST.yaml",
        "hashed_secret": "7c7a1a2377919a50d567d1b4f64d6fe71dfc2ee6",
        "is_verified": false,
        "line_number": 38
      }
    ],
    "evals/reports/eval-latest.json": [
      {
        "type": "Hex High Entropy String",
        "filename": "evals/reports/eval-latest.json",
        "hashed_secret": "cf269c46ca4c80baa79e079d9d26d9ab2ef819bf",
        "is_verified": false,
        "line_number": 7
      }
    ],
    "mutants/compose.yaml": [
      {
        "type": "Secret Keyword",
        "filename": "mutants/compose.yaml",
        "hashed_secret": "fec4620b000bb05e5d205638eac401abdf2d6470",
        "is_verified": false,
        "line_number": 27
      }
    ],
    "mutants/corpus/MANIFEST.yaml": [
      {
        "type": "Hex High Entropy String",
        "filename": "mutants/corpus/MANIFEST.yaml",
        "hashed_secret": "6aa5dfe60fcd08644800a22630e9866d2598504b",
        "is_verified": false,
        "line_number": 35
      },
      {
        "type": "Hex High Entropy String",
        "filename": "mutants/corpus/MANIFEST.yaml",
        "hashed_secret": "7c7a1a2377919a50d567d1b4f64d6fe71dfc2ee6",
        "is_verified": false,
        "line_number": 38
      }
    ],
    "mutants/mutmut-stats.json": [
      {
        "type": "Hex High Entropy String",
        "filename": "mutants/mutmut-stats.json",
        "hashed_secret": "671205d9d0188b1c76c043933ef2847cfeee7945",
        "is_verified": false,
        "line_number": 867
      },
      {
        "type": "Hex High Entropy String",
        "filename": "mutants/mutmut-stats.json",
        "hashed_secret": "627040321bf8c6f4a55824c5446cf3ba9a763e09",
        "is_verified": false,
        "line_number": 868
      },
      {
        "type": "Hex High Entropy String",
        "filename": "mutants/mutmut-stats.json",
        "hashed_secret": "3806b247872c0ab8e78f60ddc80284a7e9d8353e",
        "is_verified": false,
        "line_number": 869
      },
      {
        "type": "Hex High Entropy String",
        "filename": "mutants/mutmut-stats.json",
        "hashed_secret": "84925e70ce0bfcc7ec3ddc127de760df9779b687",
        "is_verified": false,
        "line_number": 870
      },
      {
        "type": "Hex High Entropy String",
        "filename": "mutants/mutmut-stats.json",
        "hashed_secret": "39dec1a5c779925fbcc18d165169800b54da1db3",
        "is_verified": false,
        "line_number": 872
      },
      {
        "type": "Hex High Entropy String",
        "filename": "mutants/mutmut-stats.json",
        "hashed_secret": "e22e3407d67543664579e5a26650b72b6d878b74",
        "is_verified": false,
        "line_number": 873
      },
      {
        "type": "Hex High Entropy String",
        "filename": "mutants/mutmut-stats.json",
        "hashed_secret": "c6ec929318fbfee4811617b4fe71688e60599649",
        "is_verified": false,
        "line_number": 876
      },
      {
        "type": "Hex High Entropy String",
        "filename": "mutants/mutmut-stats.json",
        "hashed_secret": "e51f538bf39b1b666039243a27c1f13d672ae2c6",
        "is_verified": false,
        "line_number": 877
      },
      {
        "type": "Hex High Entropy String",
        "filename": "mutants/mutmut-stats.json",
        "hashed_secret": "8f3b0cb256a93724294e42c2d5317082460f441c",
        "is_verified": false,
        "line_number": 880
      },
      {
        "type": "Hex High Entropy String",
        "filename": "mutants/mutmut-stats.json",
        "hashed_secret": "8771a992f36f6cc45644cb016d3215f207310130",
        "is_verified": false,
        "line_number": 881
      },
      {
        "type": "Hex High Entropy String",
        "filename": "mutants/mutmut-stats.json",
        "hashed_secret": "c747cd101363cb3668b425ca6fc33b6c50c1e426",
        "is_verified": false,
        "line_number": 883
      },
      {
        "type": "Hex High Entropy String",
        "filename": "mutants/mutmut-stats.json",
        "hashed_secret": "cd8e3a4ce72021a3bc09328b981ef1880a957321",
        "is_verified": false,
        "line_number": 884
      },
      {
        "type": "Hex High Entropy String",
        "filename": "mutants/mutmut-stats.json",
        "hashed_secret": "520fae2bf02a877b1af665d2c87a636d462538df",
        "is_verified": false,
        "line_number": 957
      },
      {
        "type": "Hex High Entropy String",
        "filename": "mutants/mutmut-stats.json",
        "hashed_secret": "6218b1cfa30227f1f3a051df30c9e20dda44879b",
        "is_verified": false,
        "line_number": 962
      },
      {
        "type": "Hex High Entropy String",
        "filename": "mutants/mutmut-stats.json",
        "hashed_secret": "6132e1386fd17ec4263afca5430dbfd8f68d7c07",
        "is_verified": false,
        "line_number": 963
      },
      {
        "type": "Hex High Entropy String",
        "filename": "mutants/mutmut-stats.json",
        "hashed_secret": "1506551be49206772ced2d28ef8b63d4bf02c999",
        "is_verified": false,
        "line_number": 965
      },
      {
        "type": "Hex High Entropy String",
        "filename": "mutants/mutmut-stats.json",
        "hashed_secret": "ca24eba3d1fc040df9ee88c6dca9abcf7a9a07c0",
        "is_verified": false,
        "line_number": 966
      },
      {
        "type": "Hex High Entropy String",
        "filename": "mutants/mutmut-stats.json",
        "hashed_secret": "0111ea96566e88fb7a9590390fe6566048ee1172",
        "is_verified": false,
        "line_number": 968
      },
      {
        "type": "Hex High Entropy String",
        "filename": "mutants/mutmut-stats.json",
        "hashed_secret": "7f022e2a92dfa622c4847c285776688d16e2f6c0",
        "is_verified": false,
        "line_number": 978
      },
      {
        "type": "Hex High Entropy String",
        "filename": "mutants/mutmut-stats.json",
        "hashed_secret": "be635e44fa8c2eac1540630ab5713a95c0e597c5",
        "is_verified": false,
        "line_number": 983
      },
      {
        "type": "Hex High Entropy String",
        "filename": "mutants/mutmut-stats.json",
        "hashed_secret": "33fbfb52800b5a63c3817d369d1475082e990f72",
        "is_verified": false,
        "line_number": 984
      },
      {
        "type": "Hex High Entropy String",
        "filename": "mutants/mutmut-stats.json",
        "hashed_secret": "6c4d650bf73db7b24fc4ec59fe7ef340efcb3c06",
        "is_verified": false,
        "line_number": 985
      },
      {
        "type": "Hex High Entropy String",
        "filename": "mutants/mutmut-stats.json",
        "hashed_secret": "2abc9c6dd9c35daadd1f21df50d5f3337fd63789",
        "is_verified": false,
        "line_number": 988
      },
      {
        "type": "Hex High Entropy String",
        "filename": "mutants/mutmut-stats.json",
        "hashed_secret": "a72ec21df8e990e9fa5eefbb053d7c7de7269091",
        "is_verified": false,
        "line_number": 990
      },
      {
        "type": "Hex High Entropy String",
        "filename": "mutants/mutmut-stats.json",
        "hashed_secret": "323c22494481e9f3521064dc783f482e565fe414",
        "is_verified": false,
        "line_number": 997
      }
    ],
    "mutants/src/citebound/db/conexion.py": [
      {
        "type": "Basic Auth Credentials",
        "filename": "mutants/src/citebound/db/conexion.py",
        "hashed_secret": "fec4620b000bb05e5d205638eac401abdf2d6470",
        "is_verified": false,
        "line_number": 13
      }
    ],
    "mutants/src/citebound/domain/legalref.py.meta": [
      {
        "type": "Hex High Entropy String",
        "filename": "mutants/src/citebound/domain/legalref.py.meta",
        "hashed_secret": "3806b247872c0ab8e78f60ddc80284a7e9d8353e",
        "is_verified": false,
        "line_number": 134
      },
      {
        "type": "Hex High Entropy String",
        "filename": "mutants/src/citebound/domain/legalref.py.meta",
        "hashed_secret": "84925e70ce0bfcc7ec3ddc127de760df9779b687",
        "is_verified": false,
        "line_number": 135
      },
      {
        "type": "Hex High Entropy String",
        "filename": "mutants/src/citebound/domain/legalref.py.meta",
        "hashed_secret": "39dec1a5c779925fbcc18d165169800b54da1db3",
        "is_verified": false,
        "line_number": 137
      },
      {
        "type": "Hex High Entropy String",
        "filename": "mutants/src/citebound/domain/legalref.py.meta",
        "hashed_secret": "e22e3407d67543664579e5a26650b72b6d878b74",
        "is_verified": false,
        "line_number": 138
      }
    ],
    "mutants/src/citebound/ingest/boe_xml.py.meta": [
      {
        "type": "Hex High Entropy String",
        "filename": "mutants/src/citebound/ingest/boe_xml.py.meta",
        "hashed_secret": "c6ec929318fbfee4811617b4fe71688e60599649",
        "is_verified": false,
        "line_number": 375
      },
      {
        "type": "Hex High Entropy String",
        "filename": "mutants/src/citebound/ingest/boe_xml.py.meta",
        "hashed_secret": "e51f538bf39b1b666039243a27c1f13d672ae2c6",
        "is_verified": false,
        "line_number": 376
      },
      {
        "type": "Hex High Entropy String",
        "filename": "mutants/src/citebound/ingest/boe_xml.py.meta",
        "hashed_secret": "8f3b0cb256a93724294e42c2d5317082460f441c",
        "is_verified": false,
        "line_number": 379
      },
      {
        "type": "Hex High Entropy String",
        "filename": "mutants/src/citebound/ingest/boe_xml.py.meta",
        "hashed_secret": "8771a992f36f6cc45644cb016d3215f207310130",
        "is_verified": false,
        "line_number": 380
      },
      {
        "type": "Hex High Entropy String",
        "filename": "mutants/src/citebound/ingest/boe_xml.py.meta",
        "hashed_secret": "c747cd101363cb3668b425ca6fc33b6c50c1e426",
        "is_verified": false,
        "line_number": 382
      },
      {
        "type": "Hex High Entropy String",
        "filename": "mutants/src/citebound/ingest/boe_xml.py.meta",
        "hashed_secret": "cd8e3a4ce72021a3bc09328b981ef1880a957321",
        "is_verified": false,
        "line_number": 383
      }
    ],
    "mutants/src/citebound/ingest/chunking.py.meta": [
      {
        "type": "Hex High Entropy String",
        "filename": "mutants/src/citebound/ingest/chunking.py.meta",
        "hashed_secret": "671205d9d0188b1c76c043933ef2847cfeee7945",
        "is_verified": false,
        "line_number": 100
      },
      {
        "type": "Hex High Entropy String",
        "filename": "mutants/src/citebound/ingest/chunking.py.meta",
        "hashed_secret": "627040321bf8c6f4a55824c5446cf3ba9a763e09",
        "is_verified": false,
        "line_number": 101
      }
    ],
    "mutants/tests/contract/test_compose.py": [
      {
        "type": "Hex High Entropy String",
        "filename": "mutants/tests/contract/test_compose.py",
        "hashed_secret": "852539accdaf5a43697c4ae8773fb7c7c548fd44",
        "is_verified": false,
        "line_number": 40
      }
    ],
    "src/citebound/db/conexion.py": [
      {
        "type": "Basic Auth Credentials",
        "filename": "src/citebound/db/conexion.py",
        "hashed_secret": "fec4620b000bb05e5d205638eac401abdf2d6470",
        "is_verified": false,
        "line_number": 13
      }
    ],
    "tests/contract/test_compose.py": [
      {
        "type": "Hex High Entropy String",
        "filename": "tests/contract/test_compose.py",
        "hashed_secret": "852539accdaf5a43697c4ae8773fb7c7c548fd44",
        "is_verified": false,
        "line_number": 40
      }
    ]
  },
  "generated_at": "2026-08-10T16:15:33Z"
}
